../Core/Src/main.c:62:6:OLED_WriteCmd	32	static
../Core/Src/main.c:67:6:OLED_WriteData	32	static
../Core/Src/main.c:72:6:OLED_Init	8	static
../Core/Src/main.c:104:6:OLED_Clear	160	static
../Core/Src/main.c:217:6:OLED_WriteString	40	static
../Core/Src/main.c:251:10:ADC_Read	8	static
../Core/Src/main.c:266:5:main	80	static
../Core/Src/main.c:366:6:SystemClock_Config	88	static
../Core/Src/main.c:413:13:MX_ADC1_Init	24	static
../Core/Src/main.c:460:13:MX_I2C1_Init	8	static
../Core/Src/main.c:494:13:MX_GPIO_Init	40	static
../Core/Src/main.c:530:6:Error_Handler	4	static,ignoring_inline_asm
