../Core/Src/main.c:67:6:OLED_WriteCmd	32	static
../Core/Src/main.c:72:6:OLED_WriteData	32	static
../Core/Src/main.c:77:6:OLED_Init	8	static
../Core/Src/main.c:109:6:OLED_Clear	160	static
../Core/Src/main.c:121:6:HAL_UART_TxCpltCallback	16	static
../Core/Src/main.c:229:6:OLED_WriteString	40	static
../Core/Src/main.c:263:10:ADC_Read	8	static
../Core/Src/main.c:272:6:UART_SendString	16	static
../Core/Src/main.c:287:5:main	112	static
../Core/Src/main.c:377:6:SystemClock_Config	88	static
../Core/Src/main.c:424:13:MX_ADC1_Init	24	static
../Core/Src/main.c:471:13:MX_I2C1_Init	8	static
../Core/Src/main.c:505:13:MX_USART1_UART_Init	8	static
../Core/Src/main.c:538:13:MX_GPIO_Init	40	static
../Core/Src/main.c:574:6:Error_Handler	4	static,ignoring_inline_asm
